{smcl}
{txt}{sf}{ul off}
{com}. /** 
>  * A do file to run the standard stats for a whole data set. 
>  *
>  * Note that you must delete the files in the derived directory
>  * for changes to be reflected in the output.
>  *
>  * @version 0.1
> */
. 
. // profiler on
. 
. use  "/usr/local/stata/ado/base/i/icd9_cod.dta"
{txt}
{com}. 
. describe, short

{txt}Contains data from {res}/usr/local/stata/ado/base/i/icd9_cod.dta
{txt}  obs:{res}        17,322                          
{txt} vars:{res}             2                          10 Oct 2012 15:26
{txt} size:{res}       519,660                          
{txt}Sorted by:  {res}__code9
{txt}
{com}. 
. local N = r(N)
{txt}
{com}. local variables = r(k)
{txt}
{com}. 
. di "@N `N'"
{res}@N 17322
{txt}
{com}. di "@variables `variables'"
{res}@variables 2
{txt}
{com}. 
. datasignature
  {res}17322:2(46248):3726957651:270918877
{txt}
{com}. local datasig = "`r(datasignature)'"
{txt}
{com}. 
. di "@datasignature `datasig'"
{res}@datasignature 17322:2(46248):3726957651:270918877
{txt}
{com}. 
. cap noi xtset
{err}panel variable not set; use {bf:xtset} {it:varname} ...
{txt}
{com}. if ( !_rc ) {c -(}
.     di "@timevar `r(timevar)'"
.     di "@panelvar `r(panelvar)'"
. {c )-}
{txt}
{com}. 
. notes _dta
{res}
_dta:
{txt}{p 2 6}
1.
ICD9 Diagnostic Code Mapping Data for use with Stata, History
{p_end}
{p 2 6}
2.
{dup 5:{c -}} V16 {dup 50:{c -}}
{p_end}
{p 2 6}
3.
Dataset obtained 24aug1999 from http://www.hcfa.gov/stats/pufiles.htm, file http://www.hcfa.gov/stats/icd9v16.exe
{p_end}
{p 2 6}
4.
Codes 176, 764, 765, V29, and V69 defined by StataCorp: 176 [kaposi's sarcoma (Stata)*], 765 [immat & preterm (Stata)*], 764 [light-for-dates (Stata)*], V29 [nb suspct cnd (Stata)*], V69 [lifestyle (Stata)*]
{p_end}
{p 2 6}
5.
{dup 5:{c -}} V18 {dup 50:{c -}}
{p_end}
{p 2 6}
6.
Dataset obtained 10may2001, from http://www.hcfa.gov/stats/pufiles.htm, file http://www.hcfa.gov/stats/icd9v18.zip, file V18DIAG.TXT
{p_end}
{p 2 6}
7.
11jun2001: V18 data put into Stata distribution
{p_end}
{p 2 6}
8.
Codes 176, 764, 765, V29, and V69 defined; see above
{p_end}
{p 2 6}
9.
BETWEEN V16 and V18: 108 new codes added: 0075 0824 08240 08241 08249 28521 28522 28529 29410 29411 37281 37289 4771 49302 49312 49322 49392 4940 4941 5583 6000 6001 6002 6003 6009 64510 64511 64513 64520 64521 64523 69275 70710 70711 70712 70713 70714 70715 70719 72783 78191 78192 78199 78321 78322 78340 78341 78342 78343 7837 79001 79009 7925 9957 99687 E8851 E8852 E8853 E8854 E8859 E9283 E9687 V1501 V1502 V1503 V1504 V1505 V1506 V1507 V1508 V1509 V2130 V2131 V2132 V2133 V2134 V2135 V2621 V2622 V2629 V4284 V4574 V4575 V4576 V4577 V4578 V4579 V4981 V4989 V5631 V5632 V5883 V6700 V6701 V6709 V7181 V7189 V7646 V7647 V7650 V7651 V7652 V7681 V7689 V7791 V7799 V8281 V8289
{p_end}
{p 1 6}
10.
BETWEEN V16 and V18: 3 codes deleted but left in this dataset: 64500 64501 64503
{p_end}
{p 1 6}
11.
BETWEEN V16 and V18: 24 codes had description changes: 0794 [human papilloma virus] [human papillomavirus], 2941 [dementia in oth diseases] [dementia in oth diseases*], 3728 [conjunctiva disorder nec] [conjunctiva disorder nec*], 494 [bronchiectasis] [bronchiectasis*], 5641 [irritable colon] [irritable bowel syndrome], 600 [hyperplasia of prostate] [hyperplasia of prostate*], 7071 [chronic ulcer of leg] [chronic ulcer of leg*], 7819 [nerv/musculskel sym nec] [nerv/musculskel sym nec*], 7832 [abnormal loss of weight] [abnormal loss of weight*], 7834 [lack norm physiol devel] [lack norm physiol devel*], 7900 [abnorm red blood cell] [abnorm red blood cell*], E885 [fall on level-tripping] [fall on level-tripping*], E9670 [batter by father/stepfth] [abuse by fther/stpfth/bf], E9672 [batter by mother/stepmth] [abuse by mther/stpmth/gf], V150 [hx of allergy nec] [hx of allergy nec*], V262 [procreative mgmt-invest] [procreative mgmt-invest*], V263 [genetic counseling] [genetic counsel & test], V498 [probl influ health nec] [probl influ health nec*], V670 [surgery follow-up] [surgery follow-up*], V718 [observ-suspect cond nec] [observ-suspect cond nec*], V7649 [screen mal neop-site nec] [screen mal neop oth site], V768 [screen-neoplasm nec] [screen-neoplasm nec*], V779 [screen-endoc/nut/met nec] [screen-endoc/nut/met nec*], V828 [screen for condition nec] [screen for condition nec*]
{p_end}
{p 1 6}
12.
----- V19 --------------------------------------------------
{p_end}
{p 1 6}
13.
Dataset obtained 3jan2002 from http://www.hcfa.gov/stats/pufiles.htm, file http://www.hcfa.gov/stats/icd9v19.zip, file 9v19diag.txt
{p_end}
{p 1 6}
14.
27feb2002: V19 put into Stata distribution
{p_end}
{p 1 6}
15.
BETWEEN V18 and V19: 70 codes were added: 25631 25639 2777 46400 46401 46450 46451 52100 52101 52102 52103 52104 52105 52109 52510 52511 52512 52513 52519 53012 56400 56401 56402 56409 6023 60882 60887 69276 69277 71870 71871 71872 71873 71874 71875 71876 71877 71878 71879 73393 73394 73395 77210 77211 77212 77213 77214 7797 79380 79381 79389 8407 99771 99772 99779 E8880 E8881 E8888 E8889 E9173 E9174 E9175 E9176 E9177 E9178 V1053 V4584 V4982 V8301 V8302
{p_end}
{p 1 6}
16.
BETWEEN V18 and V19: 0 codes deleted
{p_end}
{p 1 6}
17.
BETWEEN V18 and V19: 18 codes had description changes: 2563 [ovarian failure nec] [ovarian failure nec*], 41181 [coronary occlsn w/o mi] [acute cor occlsn w/o mi], 4640 [acute laryngitis] [acute laryngitis*], 49300 [ext asthma w/o stat asth] [ext ast w/o stat ast nos], 49310 [int asthma w/o stat asth] [int ast w/o stat ast nos], 49320 [ch ob asth w/o stat asth] [ch ob ast w/o sta as nos], 49390 [asthma w/o status asthm] [asth w/o stat asthm nos], 5210 [dental caries] [dental caries*], 5251 [loss of teeth, acquired] [loss of teeth, acquired*], 5640 [constipation] [constipation*], 7721 [nb intraventricular hem] [nb intraventricular hem*], 7938 [abnormal findings-breast] [abnormal findings-breast*], E888 [fall nec & nos] [fall nec & nos*], E9170 [struck in sports] [sports acc w/o sub fall], E9171 [crowd accident] [crowd w/o sub fall], E9172 [struck in running water] [run water w/o sub fall], E9179 [struck by obj/person nec] [obj w-w/o sub fall nec], V707 [exam-clinical research] [exam-clincal trial]
{p_end}
{p 1 6}
18.
----- Note -------------------------------------------------
{p_end}
{p 1 6}
19.
The website http://www.hcfa.gov/ mentioned in the items above is no longer available. It has been replaced by http://www.cms.hhs.gov/
{p_end}
{p 1 6}
20.
----- V21 --------------------------------------------------
{p_end}
{p 1 6}
21.
Dataset obtained 8apr2004 from http://www.cms.hhs.gov/providers/pufdownload/, file http://www.cms.hhs.gov/providers/hipps/icd9_v21.zip, file v21icd9_diag.txt
{p_end}
{p 1 6}
22.
14apr2004: V21 put into Stata distribution
{p_end}
{p 1 6}
23.
BETWEEN V19 and V21: 268 codes were added: 04082 0664 07982 25510 25511 25512 25513 25514 27702 27703 27709 27781 27782 27783 27784 27789 28241 28242 28249 28264 28268 28952 28981 28982 28989 33111 33119 33182 34830 34831 34839 35781 35782 35789 35800 35801 35981 35989 36583 41406 41407 41412 42820 42821 42822 42823 42830 42831 42832 42833 42840 42841 42842 42843 4386 4387 43883 43884 43885 44321 44322 44323 44324 44329 44501 44502 44581 44589 4548 45821 45829 45910 45911 45912 45913 45919 45930 45931 45932 45933 45939 4803 49381 49382 5173 53020 53021 53085 53784 56986 60000 60001 60010 60011 60020 60021 60090 60091 60785 63300 63301 63310 63311 63320 63321 63380 63381 63390 63391 67450 67451 67452 67453 67454 72887 72888 74783 75281 75289 76520 76521 76522 76523 76524 76525 76526 76527 76528 76529 76621 76622 76711 76719 77081 77082 77083 77084 77089 77181 77182 77183 77189 77981 77982 77983 77989 78091 78092 78093 78094 78099 78193 78194 78552 78863 79021 79022 79029 79500 79501 79502 79509 79531 79539 79981 79989 81345 82340 82341 82342 85011 85012 95911 95912 95913 95914 95919 99590 99591 99592 99593 99594 99657 99831 99832 E8850 E9225 E9284 E9285 E9557 E9790 E9791 E9792 E9793 E9794 E9795 E9796 E9797 E9798 E9799 E9857 E9990 E9991 V0181 V0182 V0189 V0481 V0482 V0489 V1321 V1329 V1587 V2341 V2349 V2503 V4321 V4322 V4585 V462 V5390 V5391 V5399 V5401 V5402 V5409 V5410 V5411 V5412 V5413 V5414 V5415 V5416 V5417 V5419 V5420 V5421 V5422 V5423 V5424 V5425 V5426 V5427 V5429 V5481 V5489 V5842 V5843 V5863 V5864 V5865 V5871 V5872 V5873 V5874 V5875 V5876 V5877 V5878 V6441 V6442 V6443 V6511 V6519 V6546 V7182 V7183 V8381 V8389
{p_end}
{p 1 6}
24.
BETWEEN V19 and V21: 2515 two, three, and four digit codes with descriptions ending in '*' were deleted but left in this dataset: 001 002 003 0032 004 ... V828
{p_end}
{p 1 6}
25.
BETWEEN V19 and V21: 52 other codes deleted but left in this dataset: 2551 2778 2824 2898 3311 3483 3578 3580 3598 4582 4591 5302 6000 6001 6002 6009 6330 6331 6332 6338 6339 71970 71975 71976 71977 71978 71979 7528 7662 7671 7708 7718 7798 7809 7902 7950 7953 7998 8501 9591 9983 E999 V018 V048 V132 V234 V432 V539 V540 V548 V644 V651
{p_end}
{p 1 6}
26.
BETWEEN V19 and V21: 42 codes had description changes: 28260 [sickle-cell anemia nos] [sickle cell disease nos], 28261 [hb-s disease w/o crisis] [hb-ss disease w/o crisis], 28262 [hb-s disease with crisis] [hb-ss disease w crisis], 28263 [sickle-cell/hb-c disease] [hb-ss/hb-c dis w/o crsis], 28269 [sickle-cell anemia nec] [hb-ss dis nec w crisis], 40200 [mal hyperten hrt dis nos] [mal hyp ht dis w/o hf], 40201 [mal hypert hrt dis w chf] [mal hypert hrt dis w hf], 40210 [ben hyperten hrt dis nos] [benign hyp ht dis w/o hf], 40211 [benign hyp hrt dis w chf] [benign hyp ht dis w hf], 40290 [hypertensive hrt dis nos] [hyp hrt dis nos w/o hf], 40291 [hyperten heart dis w chf] [hyp ht dis nos w ht fail], 40400 [mal hy ht/ren w/o chf/rf] [mal hy ht/ren w/o hf/rf], 40401 [mal hyper hrt/ren w chf] [mal hyper hrt/ren w hf], 40403 [mal hyp hrt/ren w chf&rf] [mal hyp hrt/ren w hf&rf], 40410 [ben hy ht/ren w/o chf/rf] [ben hy ht/ren w/o hf/rf], 40411 [ben hyper hrt/ren w chf] [ben hyper hrt/ren w hf], 40413 [ben hyp hrt/ren w chf&rf] [ben hyp hrt/ren w hf&rf], 40490 [hy ht/ren nos w/o chf/rf] [hy ht/ren nos w/o hf/rf], 40491 [hyper hrt/ren nos w chf] [hyper hrt/ren nos w hf], 40493 [hyp ht/ren nos w chf&rf] [hyp hrt/ren nos w hf&rf], 41410 [aneurysm, heart (wall)] [aneurysm of heart], 41411 [coronary vessel aneurysm] [aneurysm coronary vessel], 4280 [congestive heart failure] [chf nos], 4549 [varicose vein of leg nos] [asympt varicose veins], 49120 [obs chr brnc w/o act exa] [obst chr bronc w/o exac], 49121 [obs chr brnc w act exa] [obs chr bronc w(ac) exac], 49300 [ext ast w/o stat ast nos] [extrinsic asthma nos], 49302 [ext asthma w acute exac] [ext asthma w(acute) exac], 49310 [int ast w/o stat ast nos] [intrinsic asthma nos], 49312 [int asthma w acute exac] [int asthma w (ac) exac], 49320 [ch ob ast w/o sta as nos] [chronic obst asthma nos], 49322 [ch obs asth w acute exac] [ch obst asth w (ac) exac], 49390 [asth w/o stat asthm nos] [asthma nos], 49392 [asthma w acute exacerbtn] [asthma nos w (ac) exac], 6272 [female climacteric state] [sympt fem climact state], 6274 [artific menopause states] [sympt state w artif meno], 7197 [difficulty in walking*] [difficulty in walking], V061 [vaccin for dtp] [vaccination for dtp-dtap], V065 [nd vac tetanus-diphthria] [vaccination for td-dt], V4569 [pst srg stat eye/adn nec] [post-proc st eye/adn nec], V4589 [postsurgical states nec] [post-proc states nec], V4981 [postmenopausal status] [asympt postmeno status]
{p_end}
{p 1 6}
27.
----- V22 --------------------------------------------------
{p_end}
{p 1 6}
28.
Dataset obtained 27jun2005 from http://www.cms.hhs.gov/providers/pufdownload/, file http://www.cms.hhs.gov/providers/hipps/v22_icd9.zip, file V22ICD9_FILE1.TXT
{p_end}
{p 1 6}
29.
05jul2005: V22 put into Stata distribution
{p_end}
{p 1 6}
30.
BETWEEN V21 and V22: 171 codes were added: 06640 06641 06642 06649 07070 07071 25200 25201 25202 25208 2734 27785 27786 27787 34700 34701 34710 34711 38003 45340 45341 45342 4772 49122 52106 52107 52108 52110 52111 52112 52113 52114 52115 52120 52121 52122 52123 52124 52125 52130 52131 52132 52133 52134 52135 52140 52141 52142 52149 52320 52321 52322 52323 52324 52325 52407 52420 52421 52422 52423 52424 52425 52426 52427 52428 52429 52430 52431 52432 52433 52434 52435 52436 52437 52439 52450 52451 52452 52453 52454 52455 52456 52457 52459 52464 52475 52476 52481 52482 52489 52520 52521 52522 52523 52524 52525 52526 52871 52872 52879 53086 53087 58881 58889 61800 61801 61802 61803 61804 61805 61809 61881 61882 61883 61889 62130 62131 62132 62133 62210 62211 62212 62920 62921 62922 62923 69284 70521 70522 70700 70701 70702 70703 70704 70705 70706 70707 70709 75831 75832 75833 75839 78058 78838 79095 79503 79504 79505 79508 7966 V0171 V0179 V0183 V0184 V4611 V4612 V4983 V5844 V5866 V5867 V694 V7231 V7232 V7240 V7241 V8401 V8402 V8403 V8404 V8409 V848
{p_end}
{p 1 6}
31.
BETWEEN V21 and V22: 25 other codes deleted but left in this dataset: 0664 2520 347 5211 5212 5213 5214 5232 5242 5243 5245 5248 5252 5287 5888 6180 6188 6213 6221 7070 7583 V017 V461 V723 V724
{p_end}
{p 1 6}
32.
BETWEEN V21 and V22: 155 codes had description changes: 04182 [bacillus fragilis] [bacteroides fragilis], 2865 [circulating anticoag dis] [intr circul anticoag dis], 29040 [arterioscler dement nos] [vascular dementia,uncomp], 29041 [arterioscler delirium] [vasc dementia w delirium], 29042 [arterioscler delusion] [vasc dementia w delusion], 29043 [arterioscler depressive] [vasc dementia w depressn], 2911 [alcohol amnestic synd] [alcohol amnestic disordr], 2912 [alcoholic dementia nec] [alcohol persist dementia], 2913 [alcohol hallucinosis] [alcoh psy dis w hallucin], 2915 [alcoholic jealousy] [alcoh psych dis w delus], 29189 [alcoholic psychosis nec] [alcohol mental disor nec], 2919 [alcoholic psychosis nos] [alcohol mental disor nos], 2920 [drug withdrawal syndrome] [drug withdrawal], 29211 [drug paranoid state] [drug psych disor w delus], 29212 [drug hallucinosis] [drug psy dis w hallucin], 29282 [drug-induced dementia] [drug persisting dementia], 29283 [drug amnestic syndrome] [drug persist amnestc dis], 29284 [drug depressive syndrome] [drug-induced mood disord], 2930 [acute delirium] [delirium d/t other cond], 29381 [organic delusional synd] [psy dis w delus oth dis], 29382 [organic hallucinosis syn] [psy dis w halluc oth dis], 29383 [organic affective synd] [mood disorder other dis], 29384 [organic anxiety syndrome] [anxiety disorder oth dis], 29389 [transient org mental nec] [transient mental dis nec], 2939 [transient org mental nos] [transient mental dis nos], 2940 [amnestic syndrome] [amnestic disord oth dis], 2948 [organic brain synd nec] [mental disor nec oth dis], 2949 [organic brain synd nos] [mental disor nos oth dis], 29540 [ac schizophrenia-unspec] [schizophreniform dis nos], 29541 [ac schizophrenia-subchr] [schizophrenic dis-subchr], 29542 [ac schizophrenia-chr] [schizophren dis-chronic], 29543 [ac schizo-subchr/exacerb] [schizo dis-subchr/exacer], 29544 [ac schizophr-chr/exacerb] [schizophr dis-chr/exacer], 29545 [ac schizophrenia-remiss] [schizophrenic dis-remiss], 29560 [resid schizophren-unsp] [schizophr dis resid nos], 29561 [resid schizophren-subchr] [schizoph dis resid-subch], 29562 [residual schizophren-chr] [schizophr dis resid-chr], 29563 [resid schizo-subchr/exac] [schizo resid subchr/exac], 29564 [resid schizo-chr/exacerb] [schizoph resid-chro/exac], 29565 [resid schizophren-remiss] [schizoph dis resid-remis], 29570 [schizoaffective-unspec] [schizoaffective dis nos], 29571 [schizoaffective-subchr] [schizoaffectv dis-subchr], 29572 [schizoaffective-chronic] [schizoaffective dis-chr], 29573 [schizoaff-subchr/exacer] [schizoaff dis-subch/exac], 29574 [schizoaffect-chr/exacer] [schizoafftv dis-chr/exac], 29575 [schizoaffective-remiss] [schizoaffectve dis-remis], 29600 [manic disorder-unspec] [bipol i single manic nos], 29601 [manic disorder-mild] [bipol i single manc-mild], 29602 [manic disorder-mod] [bipol i single manic-mod], 29603 [manic disorder-severe] [bipol i sing-sev w/o psy], 29604 [manic dis-severe w psych] [bipo i sin man-sev w psy], 29605 [manic dis-partial remiss] [bipol i sing man rem nos], 29606 [manic dis-full remission] [bipol i single manic rem], 29640 [bipol aff, manic-unspec] [bipol i currnt manic nos], 29641 [bipolar aff, manic-mild] [bipol i curnt manic-mild], 29642 [bipolar affec, manic-mod] [bipol i currnt manic-mod], 29643 [bipol aff, manic-severe] [bipol i manc-sev w/o psy], 29644 [bipol manic-sev w psych] [bipol i manic-sev w psy], 29645 [bipol aff manic-part rem] [bipol i cur man part rem], 29646 [bipol aff manic-full rem] [bipol i cur man full rem], 29650 [bipolar aff, depr-unspec] [bipol i cur depres nos], 29651 [bipolar affec, depr-mild] [bipol i cur depress-mild], 29652 [bipolar affec, depr-mod] [bipol i cur depress-mod], 29653 [bipol aff, depr-severe] [bipol i curr dep w/o psy], 29654 [bipol depr-sev w psych] [bipol i currnt dep w psy], 29655 [bipol aff depr-part rem] [bipol i cur dep rem nos], 29656 [bipol aff depr-full rem] [bipol i currnt dep remis], 29660 [bipol aff, mixed-unspec] [bipol i currnt mixed nos], 29661 [bipolar aff, mixed-mild] [bipol i currnt mix-mild], 29662 [bipolar affec, mixed-mod] [bipol i currnt mixed-mod], 29663 [bipol aff, mixed-severe] [bipol i cur mix w/o psy], 29664 [bipol mixed-sev w psych] [bipol i cur mixed w psy], 29665 [bipol aff, mix-part rem] [bipol i cur mix-part rem], 29666 [bipol aff, mix-full rem] [bipol i cur mixed remiss], 2967 [bipolar affective nos] [bipolor i current nos], 29680 [manic-depressive nos] [bipolar disorder nos], 29689 [manic-depressive nec] [bipolar disorder nec], 29690 [affective psychosis nos] [episodic mood disord nos], 29699 [affective psychoses nec] [episodic mood disord nec], 2971 [paranoia] [delusional disorder], 2973 [shared paranoid disorder] [shared psychotic disord], 29900 [infantile autism-active] [autistic disord-current], 29901 [infantile autism-resid] [autistic disord-residual], 29910 [disintegr psych-active] [childhd disintegr-active], 29911 [disintegr psych-residual] [childhd disintegr-resid], 29980 [child psychos nec-active] [pervasv dev dis-cur nec], 29981 [child psychos nec-resid] [pervasv dev dis-res nec], 29990 [child psychos nos-active] [pervasv dev dis-cur nos], 29991 [child psychos nos-resid] [pervasv dev dis-res nos], 30001 [panic disorder] [panic dis w/o agorphobia], 30012 [psychogenic amnesia] [dissociative amnesia], 30013 [psychogenic fugue] [dissociative fugue], 30014 [multiple personality] [dissociatve identity dis], 30016 [factitious ill w symptom] [factitious dis w symptom], 30021 [agoraphobia with panic] [agoraphobia w panic dis], 30029 [isolated phobias nec] [isolated/spec phobia nec], 3004 [neurotic depression] [dysthymic disorder], 3006 [depersonalization synd] [depersonalization disord], 30089 [neurotic disorders nec] [somatoform disorders nec], 3009 [neurotic disorder nos] [nonpsychotic disord nos], 30122 [schizotypal personality] [schizotypal person dis], 3014 [compulsive personality] [obsessive-compulsive dis], 30182 [avoidant personality] [avoidant personality dis], 3020 [ego-dystonic homosexlty] [ego-dystonic sex orient], 3023 [transvestism] [transvestic fetishism], 3026 [psychosex identity dis] [gendr identity dis-child], 30271 [inhibited sexual desire] [hypoactive sex desire], 30273 [inhibited female orgasm] [female orgasmic disorder], 30274 [inhibited male orgasm] [male orgasmic disorder], 30276 [functional dyspareunia] [dyspareunia,psychogenic], 30410 [barbiturat depend-unspec] [sed,hyp,anxiolyt dep-nos], 30411 [barbiturat depend-contin] [sed,hyp,anxiolyt dep-con], 30412 [barbiturat depend-episod] [sed,hyp,anxiolyt dep-epi], 30413 [barbiturat depend-remiss] [sed,hyp,anxiolyt dep-rem], 30540 [barbiturate abuse-unspec] [sed,hyp,anxiolytc ab-nos], 30541 [barbiturate abuse-contin] [sed,hyp,anxiolytc ab-con], 30542 [barbiturate abuse-episod] [sed,hyp,anxiolytc ab-epi], 30543 [barbiturate abuse-remiss] [sed,hyp,anxiolytc ab-rem], 3070 [stammering & stuttering] [stuttering], 30721 [transient tic, childhood] [transient tic disorder], 30722 [chronic motor tic dis] [chr motor/vocal tic dis], 30723 [gilles tourette disorder] [tourette's disorder], 3073 [stereotyped movements] [stereotypic movement dis], 30745 [disrupt sleep-wake cycle] [circadian rhythm sleep], 30746 [somnambulism/nght terror] [sleep arousal disorder], 30751 [bulimia] [bulimia nervosa], 30753 [psychogenic rumination] [rumination disorder], 3090 [brief depressive react] [adjustmnt dis w depressn], 30924 [adj react-anxious mood] [adjustment dis w anxiety], 30928 [adj react-mixed emotion] [adjust dis w anxiety/dep], 3093 [adjust react-conduct dis] [adjust disor/dis conduct], 3094 [adj react-emotion/conduc] [adj dis-emotion/conduct], 30981 [prolong posttraum stress] [posttraumatic stress dis], 3101 [organic personality synd] [personality chg oth dis], 31323 [elective mutism] [selective mutism], 31381 [oppositional disorder] [opposition defiant disor], 3151 [arithmetical disorder] [mathematics disorder], 31531 [development language dis] [expressive language dis], 31532 [receptive language disrd] [recp-expres language dis], 3154 [coordination disorder] [devel coordination dis], 5217 [posterupt color change] [intrin posteruptv color], 76070 [noxious subst nos aff nb] [nox sub nos aff nb/fetus], 76071 [maternal alcohol aff nb] [maternl alc aff nb/fetus], 76072 [maternal narcotic aff nb] [matern narc aff nb/fetus], 76073 [maternal hallucin aff nb] [matern halluc af nb/fet], 76074 [maternal anti-inf aff nb] [mat anti-inf aff nb/fet], 76075 [cocaine - nxs infl fetus] [mat cocaine aff nb/fet], 76076 [fts/nb afctd mtrnl des] [maternal des af nb/fetus], 76079 [noxious subst nec aff nb] [nox sub nec aff nb/fetus], 7808 [hyperhidrosis] [generalizd hyperhidrosis], 79500 [nonsp abn pap-cervix nos] [abn glandular pap smear], 79501 [ascus favor benign] [pap smear (asc-us)], 79502 [ascus favor dysplasia] [pap smear (asc-h)], 79509 [nonsp abn pap-cervix nec] [abn pap cervix hpv nec], V074 [need pstmnpasl hrmn rplc] [hormone replace postmeno]
{p_end}
{p 1 6}
33.
----- V24 --------------------------------------------------
{p_end}
{p 1 6}
34.
Dataset obtained from <http://www.cms.hhs.gov/ICD9ProviderDiagnosticCodes/06_codes.asp>, by selecting the 'Version 24...' file. Can be gotten directly via <http://www.cms.hhs.gov/ICD9ProviderDiagnosticCodes/Downloads/v24_icd9.zip>. After unzipping, file name is I9diagnosis.txt
{p_end}
{p 1 6}
35.
Note that the site has changed once again...
{p_end}
{p 1 6}
36.
07mar2007: V24 put into Stata distribution
{p_end}
{p 1 6}
37.
BETWEEN V22 and V24: 384 codes were added: 0522 05314 05474 23871 23872 23873 23874 23875 23876 23879 2595 27650 27651 27652 27730 27731 27739 27802 28401 28409 2841 2842 28730 28731 28732 28733 28739 28800 28801 28802 28803 28804 28809 2884 28850 28851 28859 28860 28861 28862 28863 28864 28865 28869 28953 28983 29182 29285 32301 32302 32341 32342 32351 32352 32361 32362 32363 32371 32372 32381 32382 32700 32701 32702 32709 32710 32711 32712 32713 32714 32715 32719 32720 32721 32722 32723 32724 32725 32726 32727 32729 32730 32731 32732 32733 32734 32735 32736 32737 32739 32740 32741 32742 32743 32744 32749 32751 32752 32753 32759 3278 33183 33371 33372 33379 33385 33394 3380 33811 33812 33818 33819 33821 33822 33828 33829 3383 3384 34120 34121 34122 36203 36204 36205 36206 36207 37743 37960 37961 37962 37963 38915 38916 42682 42983 44382 47811 47819 5187 51911 51919 52181 52189 52300 52301 52310 52311 52330 52331 52332 52333 52340 52341 52342 52540 52541 52542 52543 52544 52550 52551 52552 52553 52554 52560 52561 52562 52563 52564 52565 52566 52567 52569 52661 52662 52663 52669 52800 52801 52802 52809 538 56721 56722 56723 56729 56731 56738 56739 56781 56782 56789 5851 5852 5853 5854 5855 5856 5859 59960 59969 60820 60821 60822 60823 60824 61681 61689 61884 62929 62981 62989 64900 64901 64902 64903 64904 64910 64911 64912 64913 64914 64920 64921 64922 64923 64924 64930 64931 64932 64933 64934 64940 64941 64942 64943 64944 64950 64951 64953 64960 64961 64962 64963 64964 65170 65171 65173 72971 72972 72973 72979 7313 76077 76078 76384 7687 77010 77011 77012 77013 77014 77015 77016 77017 77018 77085 77086 77087 77088 77581 77589 77984 77985 78032 78095 78096 78097 78491 78499 78864 78865 79391 79399 79506 79581 79582 79589 79901 79902 95890 95891 95892 95893 95899 99520 99521 99522 99523 99527 99529 99640 99641 99642 99643 99644 99645 99646 99647 99649 V1242 V1260 V1261 V1269 V1302 V1303 V1588 V1781 V1789 V1851 V1859 V189 V2631 V2632 V2633 V2634 V2635 V2639 V4586 V4613 V4614 V4984 V5811 V5812 V5830 V5831 V5832 V5970 V5971 V5972 V5973 V5974 V6284 V6400 V6401 V6402 V6403 V6404 V6405 V6406 V6407 V6408 V6409 V695 V7211 V7219 V7242 V7286 V8271 V8279 V850 V851 V8521 V8522 V8523 V8524 V8525 V8530 V8531 V8532 V8533 V8534 V8535 V8536 V8537 V8538 V8539 V854 V8551 V8552 V8553 V8554 V860 V861
{p_end}
{p 1 6}
38.
BETWEEN V22 and V24: 43 codes were deleted, but were left in this dataset: 2387 2765 2773 2840 2873 2880 3230 3234 3235 3236 3237 3238 3337 4781 5191 5218 5230 5231 5233 5234 5280 5672 5678 585 5996 6082 6168 6298 7701 7758 7849 7939 7990 9952 9964 V126 V178 V185 V263 V581 V583 V640 V721.
{p_end}
{p 1 6}
39.
BETWEEN V22 and V24: 51 codes had description changes: 25510 [primary aldosteronism] [hyperaldosteronism nos], 28521 [anemia in esrd] [anemia in chr kidney dis], 28529 [anemia-oth chronic ill] [anemia-other chronic dis], 30745 [circadian rhythm sleep] [nonorganic circadian rhy], 3336 [idiopat torsion dystonia] [genetic torsion dystonia], 38911 [sensory hearing loss] [sensry hearng loss,bilat], 38912 [neural hearing loss] [neural hearng loss,bilat], 38914 [central hearing loss] [centrl hearng loss,bilat], 38918 [sensorneur loss comb typ] [sensoneur loss comb,bil], 40300 [mal hyp ren w/o ren fail] [mal hy kid w cr kid i-iv], 40301 [mal hyp ren w renal fail] [mal hyp kid w cr kid v], 40310 [ben hyp ren w/o ren fail] [ben hy kid w cr kid i-iv], 40311 [ben hyp renal w ren fail] [ben hyp kid w cr kid v], 40390 [hyp ren nos w/o ren fail] [hy kid nos w cr kid i-iv], 40391 [hyp renal nos w ren fail] [hyp kid nos w cr kid v], 40400 [mal hy ht/ren w/o hf/rf] [mal hy ht/kd i-iv w/o hf], 40401 [mal hyper hrt/ren w hf] [mal hyp ht/kd i-iv w hf], 40402 [mal hy ht/ren w ren fail] [mal hy ht/kd st v w/o hf], 40403 [mal hyp hrt/ren w hf&rf] [mal hyp ht/kd stg v w hf], 40410 [ben hy ht/ren w/o hf/rf] [ben hy ht/kd i-iv w/o hf], 40411 [ben hyper hrt/ren w hf] [ben hyp ht/kd i-iv w hf], 40412 [ben hy ht/ren w ren fail] [ben hy ht/kd st v w/o hf], 40413 [ben hyp hrt/ren w hf&rf] [ben hyp ht/kd stg v w hf], 40490 [hy ht/ren nos w/o hf/rf] [hy ht/kd nos i-iv w/o hf], 40491 [hyper hrt/ren nos w hf] [hyp ht/kd nos i-iv w hf], 40492 [hy ht/ren nos w ren fail] [hy ht/kd nos st v w/o hf], 40493 [hyp hrt/ren nos w hf&rf] [hyp ht/kd nos st v w hf], 52421 [angle's class i] [malocc- angle's class i], 52422 [angle's class ii] [malocc-angle's class ii], 52423 [angle's class iii] [malocc-angle's class iii], 60000 [bph w/o urinary obstruct] [bph w/o urinary obs/luts], 60001 [bph w urinary obstructn] [bph w urinary obs/luts], 60020 [bph-localzed w/o ur obst] [bph loc w/o ur obs/luts], 60021 [bph-localized w ur obst] [bph loc w urin obs/luts], 60090 [bph nos w/o urinary obst] [bph nos w/o ur obs/luts], 60091 [bph nos w urinary obst] [bph nos w ur obs/luts], 72887 [muscle weakness] [muscle weakness-general], 7683 [fetal distress dur labor] [fetal distrs dur lab/del], 77181 [nb septicemia Õsepsisþ] [nb septicemia [sepsis]], 78031 [febrile convulsions] [febrile convulsions nos], 78051 [insomnia w sleep apnea] [insomn w sleep apnea nos], 78052 [insomnia nec] [insomnia nos], 78053 [hypersomni w sleep apnea] [hypersom w slp apnea nos], 78054 [hypersomnia nec] [hypersomnia nos], 78057 [oth unspcf sleep apnea] [sleep apnea nos], 78058 [sleep related movemt dis] [sleep rel move disor nos], 87363 [broken tooth] [broken tooth-uncomplic], 99591 [sirs-infect w/o org dysf] [sepsis], 99592 [sirs-infect w organ dysf] [severe sepsis], 99593 [sirs-noninf w/o orgn dys] [sirs-noninf w/o ac or ds], 99594 [sirs-noninfec w orgn dys] [sirs-noninf w ac org dys]
{p_end}
{p 1 6}
40.
----- V25 --------------------------------------------------
{p_end}
{p 1 6}
41.
Dataset obtained 01oct2007 from <http://www.cms.hhs.gov/ICD9ProviderDiagnosticCodes/06_codes.asp>, by selecting the 'Version 25...' file. Can be gotten directly via <http://www.cms.hhs.gov/ICD9ProviderDiagnosticCodes/Downloads/v25_icd9.zip>. After unzipping, file name is I9diagnosesV25.txt
{p_end}
{p 1 6}
42.
15oct2007: V25 put into Stata distribution
{p_end}
{p 1 6}
43.
BETWEEN V24 and V25: 145 codes were added: 04041 04042 05810 05811 05812 05821 05829 05881 05882 05889 07983 20030 20031 20032 20033 20034 20035 20036 20037 20038 20040 20041 20042 20043 20044 20045 20046 20047 20048 20050 20051 20052 20053 20054 20055 20056 20057 20058 20060 20061 20062 20063 20064 20065 20066 20067 20068 20070 20071 20072 20073 20074 20075 20076 20077 20078 20270 20271 20272 20273 20274 20275 20276 20277 20278 23330 23331 23332 23339 25541 25542 25801 25802 25803 28481 28489 28866 31534 3315 35921 35922 35923 35924 35929 36481 36489 38845 38905 38906 38913 38917 38920 38921 38922 4142 41512 4233 4404 449 488 52571 52572 52573 52579 56943 62401 62402 62409 66460 66461 66464 73345 78720 78721 78722 78723 78724 78729 78951 78959 99931 99939 E9286 E9336 E9337 V1253 V1254 V1322 V1652 V1741 V1749 V1811 V1819 V2504 V2641 V2649 V2681 V2689 V4985 V6801 V6809 V7212 V7381 V8481 V8489
{p_end}
{p 1 6}
44.
BETWEEN V24 and V25: 17 codes were deleted, but were left in this dataset: 2333 2554 2580 2848 3592 3648 3892 6240 7872 7895 9993 V174 V181 V264 V268 V680 V848.
{p_end}
{p 1 6}
45.
BETWEEN V24 and V25: 5 codes had description changes: 0051 [botulism] [botulism food poisoning], 3593 [famil periodic paralysis] [periodic paralysis], 38914 [centrl hearng loss,bilat] [central hearing loss], 38918 [sensoneur loss comb,bil] [sensonrl hear loss,bilat], 3897 [deaf mutism nec] [deaf, nonspeaking nec]
{p_end}
{p 1 6}
46.
----- V26 --------------------------------------------------
{p_end}
{p 1 6}
47.
Dataset obtained 01oct2008 from <http://www.cms.hhs.gov/ICD9ProviderDiagnosticCodes/06_codes.asp>, by selecting the 'Version 26...' file. Can be gotten directly via <http://www.cms.hhs.gov/ICD9ProviderDiagnosticCodes/Downloads/v26_icd9.zip>. After unzipping, file name is "V26 I-9 Diagnosis.txt"
{p_end}
{p 1 6}
48.
15oct2008: V26 put into Stata distribution
{p_end}
{p 1 6}
49.
BETWEEN V25 and V26: 374 codes were added: 03812 04112 04611 04619 04671 04672 04679 05101 05102 05900 05901 05909 05910 05911 05912 05919 05920 05921 05922 0598 0599 07812 13621 13629 1992 20302 20312 20382 20402 20412 20422 20482 20492 20502 20512 20522 20532 20582 20592 20602 20612 20622 20682 20692 20702 20712 20722 20782 20802 20812 20822 20882 20892 20900 20901 20902 20903 20910 20911 20912 20913 20914 20915 20916 20917 20920 20921 20922 20923 20924 20925 20926 20927 20929 20930 20940 20941 20942 20943 20950 20951 20952 20953 20954 20955 20956 20957 20960 20961 20962 20963 20964 20965 20966 20967 20969 23877 24900 24901 24910 24911 24920 24921 24930 24931 24940 24941 24950 24951 24960 24961 24970 24971 24980 24981 24990 24991 25950 25951 25952 2755 27950 27951 27952 27953 28984 33700 33701 33709 33900 33901 33902 33903 33904 33905 33909 33910 33911 33912 33920 33921 33922 3393 33941 33942 33943 33944 33981 33982 33983 33984 33985 33989 34602 34603 34612 34613 34622 34623 34630 34631 34632 34633 34640 34641 34642 34643 34650 34651 34652 34653 34660 34661 34662 34663 34670 34671 34672 34673 34682 34683 34692 34693 34931 34939 36220 36222 36223 36224 36225 36226 36227 36482 37234 4143 48242 51181 51189 53013 53570 53571 55841 55842 56944 57142 59970 59971 59972 61181 61182 61183 61189 6120 6121 62570 62571 62579 64970 64971 64973 67800 67801 67803 67810 67811 67813 67900 67901 67902 67903 67904 67910 67911 67912 67913 67914 69510 69511 69512 69513 69514 69515 69519 69550 69551 69552 69553 69554 69555 69556 69557 69558 69559 70720 70721 70722 70723 70724 70725 72990 72991 72992 72999 73396 73397 73398 76061 76062 76063 76064 77750 77751 77752 77753 78060 78061 78062 78063 78064 78065 78072 78891 78899 79507 79510 79511 79512 79513 79514 79515 79516 79518 79519 79670 79671 79672 79673 79674 79675 79676 79677 79678 79679 99731 99739 99830 99833 99981 99982 99988 99989 E9270 E9271 E9272 E9273 E9274 E9278 E9279 V0253 V0254 V0751 V0752 V0759 V1204 V1351 V1352 V1359 V1521 V1522 V1529 V1551 V1559 V2385 V2386 V2881 V2882 V2889 V4511 V4512 V4587 V4588 V463 V510 V518 V6101 V6102 V6103 V6104 V6105 V6106 V6109 V6221 V6222 V6229 V8701 V8709 V8711 V8712 V8719 V872 V8731 V8739 V8741 V8742 V8749 V8801 V8802 V8803 V8901 V8902 V8903 V8904 V8905 V8909
{p_end}
{p 1 6}
50.
BETWEEN V25 and V26: 26 codes were deleted, but were left in this dataset: 0461 0510 1362 2595 3370 5118 5997 6118 6951 7299 7606 7775 7806 7889 7951 9973 9998 E927 V135 V152 V155 V288 V451 V51 V610 V622.
{p_end}
{p 1 6}
51.
BETWEEN V25 and V26: 54 codes had description changes: 03811 [staph aureus septicemia] [meth susc staph aur sept], 04111 [staphylococcus aureus] [mth sus stph aur els/nos], 20300 [mult myelm w/o remission] [mult mye w/o achv rmson], 20310 [plsm cell leuk w/o rmson] [pls cl leu w/o achv rmsn], 20380 [oth imnprfl npl w/o rmsn] [oth imno npl wo ach rmsn], 20400 [act lym leuk w/o rmsion] [ac lym leuk wo achv rmsn], 20410 [chr lym leuk w/o rmsion] [ch lym leuk wo achv rmsn], 20420 [sbac lym leuk w/o rmsion] [sbac lym leu wo ach rmsn], 20480 [oth lym leuk w/o rmsion] [oth lym leu wo achv rmsn], 20490 [uns lym leuk w/o rmsion] [uns lym leu wo ach rmsn], 20500 [act myl leuk w/o rmsion] [ac myl leuk wo achv rmsn], 20510 [chr myl leuk w/o rmsion] [ch myl leuk wo achv rmsn], 20520 [sbac myl leuk w/o rmsion] [sbac myl leu wo ach rmsn], 20530 [myl srcoma w/o rmsion] [myl sarcoma wo achv rmsn], 20580 [oth myl leuk w/o rmsion] [oth my leuk wo achv rmsn], 20590 [uns myl leuk w/o rmsion] [uns my leu wo ach rmsn], 20600 [act mono leuk w/o rmsion] [ac mono leu wo achv rmsn], 20610 [chr mono leuk w/o rmsion] [ch mono leu wo achv rmsn], 20620 [sbac mono leuk w/o rmson] [sbac mno leu wo ach rmsn], 20680 [oth mono leuk w/o rmsion] [ot mono leu wo achv rmsn], 20690 [uns mono leuk w/o rmsion] [uns mno leu wo ach rmsn], 20700 [act erth/erylk w/o rmson] [ac erth/erlk wo ach rmsn], 20710 [chr erythrm w/o remision] [chr erythrm w/o ach rmsn], 20720 [mgkrycyt leuk w/o rmsion] [mgkrcyt leuk wo ach rmsn], 20780 [oth spf leuk w/o remsion] [oth leuk w/o achv rmsn], 20800 [act leuk uns cl w/o rmsn] [ac leu un cl wo ach rmsn], 20810 [chr leuk uns cl w/o rmsn] [ch leu un cl wo ach rmsn], 20820 [sbac leuk uns cl w/o rms] [sbc leu un cl wo ah rmsn], 20880 [oth leuk uns cl w/o rmsn] [ot leu un cl wo ach rmsn], 20890 [leukemia nos w/o remsion] [leuk nos w/o achv rmsn], 34600 [clsc migrne wo ntrc mgrn] [mgrn w aura wo ntrc mgrn], 34601 [clsc mgrn w ntrc mgr std] [mgrn w aura w ntrc mgrn], 34610 [comn migrne wo ntrc mgrn] [mgrn wo aura wo ntrc mgr], 34611 [comn mgrn w ntrc mgr std] [mgrn wo aura w ntrc mgrn], 34620 [vrnt migrne wo ntrc mgrn] [vrnt mgrn wo ntr mgr nec], 34621 [vrnt mgrn w ntrc mgr std] [vrnt mgrn w ntrc mgr nec], 34681 [othr mgrn w ntrc mgr std] [othr migrne w ntrc mgrne], 38601 [meniere dis cochlvestib] [actv meniere,cochlvestib], 38602 [meniere dis cochlear] [active meniere, cochlear], 38603 [meniere dis vestibular] [actv meniere, vestibular], 48241 [staph aureus pneumonia] [meth sus pneum d/t staph], 70700 [decubitus ulcer site nos] [pressure ulcer, site nos], 70701 [decubitus ulcer,elbow] [pressure ulcer, elbow], 70702 [decubitus ulcer,up back] [pressure ulcer, upr back], 70703 [decubitus ulcer,low back] [pressure ulcer, low back], 70704 [decubitus ulcer,hip] [pressure ulcer, hip], 70705 [decubitus ulcer,buttock] [pressure ulcer, buttock], 70706 [decubitus ulcer,ankle] [pressure ulcer, ankle], 70707 [decubitus ulcer,heel] [pressure ulcer, heel], 70709 [decubitus ulcer,site nec] [pressure ulcer, site nec], 79508 [pap smear unsatisfactory] [unsat cerv cytlogy smear], 99831 [disrup-internal op wound] [disrup internal op wound], V283 [screen-fetal malform] [scr fetl malfrm-ultrasnd], V4571 [acquired absence breast] [acq absnce breast/nipple]
{p_end}
{p 1 6}
52.
----- V27 --------------------------------------------------
{p_end}
{p 1 6}
53.
Dataset obtained 07oct2009 from <http://www.cms.hhs.gov/ICD9ProviderDiagnosticCodes/06_codes.asp>, by selecting the 'Version 27...' file. Can be gotten directly via <http://www.cms.hhs.gov/ICD9ProviderDiagnosticCodes/Downloads/v27_icd9.zip>. After unzipping, file name is "CMS27_DESC_SHORT_DX.txt"
{p_end}
{p 1 6}
54.
21oct2009: V27 put into Stata distribution
{p_end}
{p 1 6}
55.
BETWEEN V26 and V27: 313 codes were added: 20931 20932 20933 20934 20935 20936 20970 20971 20972 20973 20974 20975 20979 23981 23989 27400 27401 27402 27403 27788 27941 27949 2853 34881 34889 35971 35979 37206 4162 43813 43814 45350 45351 45352 4536 45371 45372 45373 45374 45375 45376 45377 45379 45381 45382 45383 45384 45385 45386 45387 45389 4880 4881 56971 56979 56987 62134 62135 67010 67012 67014 67020 67022 67024 67030 67032 67034 67080 67082 67084 75672 75673 76870 76871 76872 76873 77931 77932 77933 77934 78442 78443 78444 78451 78459 78704 7897 79382 79921 79922 79923 79924 79925 79929 79982 81346 81347 8322 96900 96901 96902 96903 96904 96905 96909 96970 96971 96972 96973 96979 99524 E0000 E0001 E0008 E0009 E0010 E0011 E0020 E0021 E0022 E0023 E0024 E0025 E0026 E0027 E0028 E0029 E0030 E0031 E0032 E0033 E0039 E0040 E0041 E0042 E0043 E0044 E0049 E0050 E0051 E0052 E0053 E0054 E0059 E0060 E0061 E0062 E0063 E0064 E0065 E0066 E0069 E0070 E0071 E0072 E0073 E0074 E0075 E0076 E0077 E0078 E0079 E0080 E0081 E0082 E0083 E0084 E0089 E0090 E0091 E0092 E0093 E0094 E0095 E0099 E0100 E0101 E0102 E0103 E0109 E0110 E0111 E0119 E0120 E0121 E0122 E0129 E0130 E0131 E0132 E0133 E0134 E0135 E0138 E0139 E0140 E0141 E0149 E0150 E0151 E0152 E0159 E0160 E0161 E0162 E0169 E0170 E0179 E0180 E0181 E0182 E0183 E0190 E0191 E0192 E0199 E0290 E0291 E0292 E0299 E030 E8307 E8317 E8327 E8337 E8347 E8357 E8367 E8377 E8387 E8766 E8767 E9287 E9901 E9902 E9903 E9914 E9915 E9916 E9917 E9918 E9920 E9921 E9922 E9923 E9928 E9929 E9930 E9931 E9932 E9933 E9934 E9935 E9936 E9937 E9938 E9939 E9940 E9941 E9942 E9943 E9948 E9949 E9950 E9951 E9952 E9953 E9954 E9958 E9959 E9960 E9961 E9962 E9963 E9968 E9969 E9973 E9980 E9981 E9988 E9989 V1090 V1091 V1552 V1580 V1583 V2031 V2032 V2642 V2682 V5350 V5351 V5359 V6081 V6089 V6107 V6108 V6123 V6124 V6125 V6142 V7260 V7261 V7262 V7263 V7269 V8001 V8009 V8732 V8743 V8744 V8745 V8746
{p_end}
{p 1 6}
56.
BETWEEN V26 and V27: 23 codes were deleted, but were left in this dataset: 2398 2740 2794 3488 4538 488 7687 7793 7845 7992 9690 9697 E992 E993 E994 E995 E996 E998 V109 V535 V608 V726 V800.
{p_end}
{p 1 6}
57.
BETWEEN V26 and V27: 43 codes had description changes: 00865 [intes infec calcivirus] [enteritis d/t calicivirs], 0413 [klebsiella infect nos] [klebsiella pneumoniae], 4532 [vena cava thrombosis] [oth inf vena cava thromb], 45340 [dvt/emblsm lower ext nos] [ac dvt/embl low ext nos], 45341 [dvt/emb prox lower ext] [ac dvt/emb prox low ext], 45342 [dvt/emb distal lower ext] [ac dvt/emb distl low ext], 5722 [hepatic coma] [hepatic encephalopathy], 5845 [lower nephron nephrosis] [ac kidny fail, tubr necr], 5846 [ac renal fail, cort necr] [ac kidny fail, cort necr], 5847 [ac ren fail, medull necr] [ac kidny fail, medu necr], 5848 [ac renal failure nec] [acute kidney failure nec], 5849 [acute renal failure nos] [acute kidney failure nos], 6393 [postabort renal failure] [postabort kidney failure], 66930 [ac ren fail w deliv-unsp] [ac kidny fail w del-unsp], 66932 [ac ren fail-deliv w p/p] [ac kidney fail-del w p/p], 66934 [ac renal failure-postpar] [ac kidney fail-postpart], 67000 [major puerp infect-unsp] [maj puerp inf nos-unsp], 67002 [major puerp inf-del p/p] [maj puer inf nos-del p/p], 67004 [major puerp inf-postpart] [major puerp inf nos-p/p], 7576 [breast anomalies nec] [cong breast anomaly nec], 7720 [fetal blood loss nec] [nb fetal blood loss nec], 78440 [voice disturbance nos] [voice/resonance dis nos], 78449 [voice disturbance nec] [voice/resonance dis nec], 7930 [abn finding-skull & head] [nonsp abn fd-skull/head], 7931 [abn findings-lung field] [nonsp abn fd-lung field], 7932 [abn fd-intrathor org nec] [nonsp abn intrathor nec], 7933 [abn find-biliary tract] [nonsp abn fd-bilry tract], 7934 [abn findings-gi tract] [nonsp abn find-gi tract], 7935 [abn findings-gu organs] [nonsp abn find-gu organs], 7936 [abn find-abdominal area] [nonsp abn fnd-abdom area], 7937 [abn find-musculoskel sys] [nonsp abn find-ms system], 79389 [ab findings-breast nec] [abn finding-breast nec], 79399 [abn find-body struct nec] [nonsp abn find-body nec], 81345 [torus fx radius-closed] [torus fx radius-cl/alone], 99643 [prosthtc jt implant fail] [broke prosthtc jt implnt], E8765 [performance-inapprop op] [perfrm wrong op/right pt], V1506 [hx-insects allergy] [hx-allergy insct/arachnd], V1584 [hx-exposure asbestos] [hx-contct/expos asbestos], V1585 [hx-exps hazrd body fluid] [hx-cont/exps haz bdy fld], V1586 [hx-exposure to lead] [hx-contact/exposure lead], V573 [speech therapy] [speech-language therapy], V6129 [parent-child problem nec] [oth parent-child problem], V6511 [ped pre-birth visit-mom] [ped pre-brth vst-parent]
{p_end}
{p 1 6}
58.
----- V28 --------------------------------------------------
{p_end}
{p 1 6}
59.
Dataset obtained 15jul2010 from <http://www.cms.hhs.gov/ICD9ProviderDiagnosticCodes/06_codes.asp>, by selecting the 'Version 28...' file. Can be gotten directly via <http://www.cms.gov/ICD9ProviderDiagnosticCodes/Downloads/cmsv28_master_descriptions.zip>. After unzipping, the useful file name is "CMS28_DESC_SHORT_DX.txt (there are other files we did not use)."
{p_end}
{p 1 6}
60.
30sep2010: V28 put into Stata distribution
{p_end}
{p 1 6}
61.
BETWEEN V27 and V28: 130 codes were added: 23773 23779 27501 27502 27503 27509 27661 27669 27803 28741 28749 31535 44770 44771 44772 44773 48801 48802 48809 48811 48812 48819 56032 72403 75231 75232 75233 75234 75235 75236 75239 75243 75244 75245 75246 75247 78033 78066 78452 78492 78630 78631 78639 78760 78761 78762 78763 79951 79952 79953 79954 79955 79959 97081 97089 99960 99961 99962 99963 99969 99970 99971 99972 99973 99974 99975 99976 99977 99978 99979 99980 99983 99984 99985 E0002 V114 V1323 V1324 V1362 V1363 V1364 V1365 V1366 V1367 V1368 V1553 V2511 V2512 V2513 V4986 V4987 V6285 V8541 V8542 V8543 V8544 V8545 V8811 V8812 V9001 V9009 V9010 V9011 V9012 V902 V9031 V9032 V9033 V9039 V9081 V9083 V9089 V909 V9100 V9101 V9102 V9103 V9109 V9110 V9111 V9112 V9119 V9120 V9121 V9122 V9129 V9190 V9191 V9192 V9199
{p_end}
{p 1 6}
62.
BETWEEN V27 and V28: 13 codes were deleted, but were left in this dataset: 2750 2766 2874 4880 4881 7523 7863 7876 9708 9996 9997 V251 V854.
{p_end}
{p 1 6}
63.
BETWEEN V27 and V28: 14 codes had description changes: 3070 [stuttering] [adult onset flncy disord], 62981 [hab abortr w/o curr preg] [rec preg loss wo cur prg], 64630 [habitual aborter-unspec] [recur preg loss-unspec], 64631 [habitual aborter-deliver] [recurnt preg loss-deliv], 64633 [habitual abort-antepart] [recurnt preg loss-antep], 72402 [spinal stenosis-lumbar] [spin sten,lumbr wo claud], E0170 [roller coster riding] [roller coaster riding], V0751 [prophylactic use serms] [use of serms], V0752 [prophylact use aromatase] [use aromatase inhibitors], V0759 [prphyl ot agnt af estrgn] [use oth agnt af estrogen], V078 [prophylactic measure nec] [prophyl or tx meas nec], V079 [prophylactic measure nos] [prophyl or tx meas nos], V1361 [hx-hypospadius] [hx-hypospadias], V2635 [test male part hab abort] [test male/fem preg loss]
{p_end}
{p 1 6}
64.
----- V29 --------------------------------------------------
{p_end}
{p 1 6}
65.
Dataset obtained 25aug2011 from <http://www.cms.hhs.gov/ICD9ProviderDiagnosticCodes/06_codes.asp>, by selecting the 'Version 29...' file. Can be gotten directly via <http://www.cms.gov/ICD9ProviderDiagnosticCodes/Downloads/cmsv29_master_descriptions.zip>. After unzipping, the useful file name is "CMS29_DESC_SHORT_DX.txt (there are other files we did not use)."
{p_end}
{p 1 6}
66.
13oct2011: V29 put into Stata distribution
{p_end}
{p 1 6}
67.
BETWEEN V28 and V29: 168 codes were added: 04141 04142 04143 04149 17300 17301 17302 17309 17310 17311 17312 17319 17320 17321 17322 17329 17330 17331 17332 17339 17340 17341 17342 17349 17350 17351 17352 17359 17360 17361 17362 17369 17370 17371 17372 17379 17380 17381 17382 17389 17390 17391 17392 17399 28240 28243 28244 28245 28246 28247 28411 28412 28419 28652 28653 28659 29420 29421 31081 31089 3316 34882 35830 35831 35839 36505 36506 36570 36571 36572 36573 36574 37927 4144 41513 42511 42518 44401 44409 48881 48882 48889 5082 5122 51281 51282 51283 51284 51289 51630 51631 51632 51633 51634 51635 51636 51637 5164 5165 51661 51662 51663 51664 51669 51851 51852 51853 53901 53909 53981 53989 5735 59681 59682 59683 59689 62931 62932 6310 6318 64981 64982 70441 70442 72613 74731 74732 74739 79311 79319 79551 79552 80844 80854 99688 99732 99741 99749 99800 99801 99802 99809 99932 99933 99934 99941 99942 99949 99951 99952 99959 V1221 V1229 V1255 V1381 V1389 V1911 V1919 V2342 V2387 V4031 V4039 V5482 V5868 V8702 V8821 V8822 V8829
{p_end}
{p 1 6}
68.
BETWEEN V28 and V29: 33 codes were deleted, but were left in this dataset: 0414 1730 1731 1732 1733 1734 1735 1736 1737 1738 1739 2841 2865 3108 4251 4440 5128 5163 5185 5968 631 71860 7473 7931 7955 9974 9980 9994 9995 V122 V138 V191 V403.
{p_end}
{p 1 6}
69.
BETWEEN V28 and V29: 29 codes had description changes: 317 [mild mental retardation] [mild intellect disabilty], 3180 [mod mental retardation] [mod intellect disability], 3181 [severe mental retardat] [sev intellect disability], 3182 [profound mental retardat] [profnd intellct disablty], 319 [mental retardation nos] [intellect disability nos], 32341 [enceph/myelitis-oth inf] [ot encph/mye ot inf else], 32342 [myelitis d/t oth infect] [oth myelitis ot inf else], 36501 [opn angl w borderln find] [opn angl brderln lo risk], 48811 [flu dt h1n1 flu w pneu] [flu dt 2009 h1n1 w pneu], 48812 [flu dt h1n1 w oth resp] [flu-2009 h1n1 w oth resp], 48819 [flu dt h1n1 manfest nec] [flu-2009 h1n1 w oth man], 64670 [liver dis in preg-unspec] [liver/bil trct disr-unsp], 64671 [liver disorder-delivered] [liver/bil trct disr-del], 64673 [liver disorder-antepart] [liver/bil trct disr-ante], 9685 [pois-topic/infilt anesth] [surfce-topic/infilt anes], 9950 [anaphylactic shock] [other anaphylactic react], 99560 [anphylct shk food nos] [anphylct react food nos], 99561 [anphylct shk peanuts] [anphylct react peanuts], 99562 [anphylct shk crstacns] [anphylct react crstacns], 99563 [anphylct shk frts veg] [anphylct react frts veg], 99564 [anphylct shk tr nts seed] [anphyl react tr nts seed], 99565 [anphylct shk fish] [anphylct reaction fish], 99566 [anphylct shk food addtv] [anphylct react food addv], 99567 [anphylct shk milk prod] [anphylct react milk prod], 99568 [anphylct shk eggs] [anphylct reaction eggs], 99569 [anphylct shk ot spf food] [anphyl react oth sp food], 99931 [infect d/t cent ven cath] [oth/uns inf-cen ven cath], V184 [fam hx-mental retardat] [fm hx-intellect disablty], V792 [screen-mental retardat] [scrn intellect disabilty]
{p_end}
{p 1 6}
70.
----- V30 --------------------------------------------------
{p_end}
{p 1 6}
71.
Dataset obtained 10oct2012 from <http://www.cms.gov/Medicare/Coding/ICD9ProviderDiagnosticCodes/codes.html>, by selecting the 'Version 30...' file. Can be gotten directly via <http://www.cms.gov/Medicare/Coding/ICD9ProviderDiagnosticCodes/Downloads/cmsv30_master_descriptions.zip>. After unzipping, the useful file name is "CMS30_DESC_SHORT_DX.txt (there are other files we did not use)."
{p_end}
{p 1 6}
72.
22oct2012: V30 put into Stata distribution
{p_end}
{p 1 6}
73.
BETWEEN V29 and V30: There were no additional codes.
{p_end}
{p 1 6}
74.
BETWEEN V29 and V30: 0 codes were deleted.
{p_end}
{p 1 6}
75.
BETWEEN V29 and V30: There were no description changes.
{p_end}

{com}. 
. qui {c -(}
{txt}
{com}. 
. foreach var of varlist * {c -(}
{txt}  2{com}. 
. di "=====`var'====="
{txt}  3{com}. qui {c -(}
{txt}  4{com}. local category_cutoff = 30
{txt}  5{com}. 
. // this takes very long on large datasets (and does mostly the same as other things below)
. // codebook `var'
. 
. local isstr = ""
{txt}  6{com}. local unique = ""
{txt}  7{com}. local total = ""
{txt}  8{com}. local class = ""
{txt}  9{com}. 
. local type : type `var' 
{txt} 10{com}. local label : variable label `var' 
{txt} 11{com}. 
. local class = "other"
{txt} 12{com}. 
. // test for string
. capture confirm string variable `var'
{txt} 13{com}. if ( !_rc ) {c -(}
{txt} 14{com}.     // we now it is a string
.     local isstr = "YES"
{txt} 15{com}.     capture tab `var', matcell( freq )
{txt} 16{com}.     if ( !_rc ) {c -(}
{txt} 17{com}.     
.         // not too many obs
.         local total = `r(N)'
{txt} 18{com}.         local unique = r(r)
{txt} 19{com}. 
.         if ( `unique' < `category_cutoff' ) {c -(}
{txt} 20{com}.         forvalues i=1/`unique' {c -(}
{txt} 21{com}.             if ( `i' == 1 ) {c -(}
{txt} 22{com}.                 noi di "@freq " _continue
{txt} 23{com}.             {c )-}
{txt} 24{com}.             noi di freq[`i',1] _continue
{txt} 25{com}.             if ( `i' == `unique' ) {c -(}
{txt} 26{com}.                 noi di ""
{txt} 27{com}.             {c )-}
{txt} 28{com}.             else {c -(}
{txt} 29{com}.                 noi di ", " _continue
{txt} 30{com}.             {c )-}
{txt} 31{com}.         {c )-}
{txt} 32{com}. 
.         levelsof `var', local(levels)
{txt} 33{com}.         local i = 1
{txt} 34{com}.         foreach l of local levels {c -(}
{txt} 35{com}.             if ( `i' == 1 ) {c -(}
{txt} 36{com}.                 noi di "@values " _continue
{txt} 37{com}.             {c )-}
{txt} 38{com}.             noi di `""`l'""' _continue
{txt} 39{com}.             if ( `i' == `unique' ) {c -(}
{txt} 40{com}.                 noi di ""
{txt} 41{com}.             {c )-}
{txt} 42{com}.             else {c -(}
{txt} 43{com}.                 noi di ", " _continue
{txt} 44{com}.             {c )-}
{txt} 45{com}.             local i = `i' + 1
{txt} 46{com}.         {c )-}
{txt} 47{com}.         {c )-}
{txt} 48{com}.         
.         if ( `total' == 0 ) {c -(}
{txt} 49{com}.             local class = "empty"
{txt} 50{com}.         {c )-}
{txt} 51{com}.         else if ( `unique' == 1 ) {c -(}
{txt} 52{com}.             local class = "constant"
{txt} 53{com}.         {c )-}
{txt} 54{com}.         else if ( `unique' == 2 ) {c -(}
{txt} 55{com}.             local class = "dummy"
{txt} 56{com}.         {c )-}
{txt} 57{com}.         else if ( `unique' < `category_cutoff' & `unique' < `total' ) {c -(}
{txt} 58{com}.             local class = "category"
{txt} 59{com}.         {c )-}
{txt} 60{com}.         else if (`unique' == `total') {c -(}
{txt} 61{com}.             local class = "identifier"
{txt} 62{com}.         {c )-} 
{txt} 63{com}.         else {c -(}
{txt} 64{com}.             local class = "string"
{txt} 65{com}.         {c )-}        
{txt} 66{com}.     {c )-}
{txt} 67{com}.     else {c -(}
{txt} 68{com}.         // lots of observations, not sure what to do yet
.         // should get random samples here
.         noi di "@example0 " `var'[1]
{txt} 69{com}.     {c )-}
{txt} 70{com}. {c )-}
{txt} 71{com}. else {c -(}
{txt} 72{com}.     // else assume it is numeric
. 
.     noi inspect `var'
{txt} 73{com}. 
.     local total = r(N)
{txt} 74{com}.     local unique = r(N_unique)
{txt} 75{com}. 
.     if ( `unique' < `category_cutoff' ) {c -(}
{txt} 76{com}.         local cat = "YES"
{txt} 77{com}.     {c )-}
{txt} 78{com}. 
.     if ( "`unique'" != "." ) {c -(}
{txt} 79{com}.         if ( `total' == 0 ) {c -(}
{txt} 80{com}.             local class = "empty"
{txt} 81{com}.         {c )-}
{txt} 82{com}.         else if ( `unique' == 1 ) {c -(}
{txt} 83{com}.             local class = "constant"
{txt} 84{com}.         {c )-}
{txt} 85{com}.         else if ( `unique' == 2 ) {c -(}
{txt} 86{com}.             local class = "dummy"
{txt} 87{com}.         {c )-}
{txt} 88{com}.         else if ( `unique' < `category_cutoff' & `unique' < `total' ) {c -(}
{txt} 89{com}.             capture confirm string variable `var'
{txt} 90{com}.             if ( !_rc ) {c -(}
{txt} 91{com}.                 local class = "other"
{txt} 92{com}.             {c )-} 
{txt} 93{com}.             else {c -(}
{txt} 94{com}.                 local class = "category"
{txt} 95{com}.             {c )-}
{txt} 96{com}.         {c )-}
{txt} 97{com}.         else if (`r(N_unique)' == `r(N)') {c -(}
{txt} 98{com}.             local class = "identifier"
{txt} 99{com}.         {c )-}
{txt}100{com}.     {c )-}
{txt}101{com}. 
. // TODO this takes too long?   sum `var', detail
.     noi sum `var'
{txt}102{com}.     local min = r(min)
{txt}103{com}.     local max = r(max)
{txt}104{com}.     local nobs = r(N)
{txt}105{com}.     
.     // TODO maybe the precision should be handled later (vm?)
.     if ( ( "`type'" != "double" & "`type'" != "float" ) & "`class'" == "constant" ) {c -(}
{txt}106{com}.         noi di "@mean " %9.0f r(mean)
{txt}107{com}.     {c )-} 
{txt}108{com}.     else {c -(}
{txt}109{com}.         noi di "@mean " %9.3f r(mean)
{txt}110{com}.     {c )-}
{txt}111{com}.     noi di "@sd " %9.3f `r(sd)'
{txt}112{com}.     // noi di "@skewness " %9.3f `r(skewness)'
.     // noi di "@kurtosis " %9.3f `r(kurtosis)'
.     
.     if ( "`type'" == "double" | "`type'" == "float" ) {c -(}
{txt}113{com}.       noi di "@min " %9.3f `r(min)'
{txt}114{com}.       noi di "@max " %9.3f `r(max)'
{txt}115{com}.       // noi di "@p50 " %9.3f `r(p50)'
.     {c )-} 
{txt}116{com}.     else {c -(}
{txt}117{com}.       noi di "@min " %9.0f `r(min)'
{txt}118{com}.       noi di "@max " %9.0f `r(max)'
{txt}119{com}.       // noi di "@p50 " %9.0f `r(p50)'
.     {c )-}
{txt}120{com}. {c )-}
{txt}121{com}. 
. 
. if ( ( "`class'" == "constant" ) & ( "`isstr'"!= "YES" ) ) {c -(}
{txt}122{com}.     noi di "@values " `var'[1]
{txt}123{com}. {c )-}
{txt}124{com}. else if ( "`class'" == "category" | "`class'" == "dummy" ) {c -(}
{txt}125{com}.     cap noi {c -(}
{txt}126{com}.         if ( "`isstr'" != "YES" ) {c -(}
{txt}127{com}.             cap tab `var', matcell( freq ) matrow( name )
{txt}128{com}.             if ( _rc != 0 | ("`r(r)'" != "`unique'") ) {c -(}
{txt}129{com}.                 local class = "other"
{txt}130{com}.                 local unique = r(r)
{txt}131{com}.             {c )-}
{txt}132{com}.             else {c -(}
{txt}133{com}.                 forvalues i=1/`unique' {c -(}
{txt}134{com}.                     if ( `i' == 1 ) {c -(}
{txt}135{com}.                         noi di "@values " _continue
{txt}136{com}.                     {c )-}
{txt}137{com}.                     noi di name[`i',1] _continue
{txt}138{com}.                     if ( `i' == `unique' ) {c -(}
{txt}139{com}.                         noi di ""
{txt}140{com}.                     {c )-}
{txt}141{com}.                     else {c -(}
{txt}142{com}.                         noi di ", " _continue
{txt}143{com}.                     {c )-}
{txt}144{com}.                 {c )-}
{txt}145{com}.                 forvalues i=1/`unique' {c -(}
{txt}146{com}.                     if ( `i' == 1 ) {c -(}
{txt}147{com}.                         noi di "@names " _continue
{txt}148{com}.                     {c )-}
{txt}149{com}.                     local val = name[`i',1]
{txt}150{com}.                     local lab :label (`var') `val'
{txt}151{com}.                     noi di `""`lab'""' _continue
{txt}152{com}.                     if ( `i' == `unique' ) {c -(}
{txt}153{com}.                         noi di ""
{txt}154{com}.                     {c )-}
{txt}155{com}.                     else {c -(}
{txt}156{com}.                         noi di ", " _continue
{txt}157{com}.                     {c )-}
{txt}158{com}.                 {c )-}
{txt}159{com}.                 forvalues i=1/`unique' {c -(}
{txt}160{com}.                     if ( `i' == 1 ) {c -(}
{txt}161{com}.                         noi di "@freq " _continue
{txt}162{com}.                     {c )-}
{txt}163{com}.                     noi di freq[`i',1] _continue
{txt}164{com}.                     if ( `i' == `unique' ) {c -(}
{txt}165{com}.                         noi di ""
{txt}166{com}.                     {c )-}
{txt}167{com}.                     else {c -(}
{txt}168{com}.                         noi di ", " _continue
{txt}169{com}.                     {c )-}
{txt}170{com}.                 {c )-}
{txt}171{com}.             {c )-}
{txt}172{com}.         {c )-}
{txt}173{com}.     {c )-}
{txt}174{com}. {c )-}
{txt}175{com}. else {c -(}
{txt}176{com}.     noi di "@example0 " `var'[1]
{txt}177{com}. {c )-}
{txt}178{com}. 
. // histogram
. if ( "`isstr'" != "YES" & ("`class'" == "other" | "`class'" == "identifier") ) {c -(}
{txt}179{com}. cap noi {c -(}
{txt}180{com}.     tempvar h w
{txt}181{com}.     twoway__histogram_gen `var', gen( `h' `w' )
{txt}182{com}.     forvalues i=1/`=r(n_x)' {c -(}
{txt}183{com}.         if ( `i' == 1 ) {c -(}
{txt}184{com}.             noi di "@histh " _continue
{txt}185{com}.         {c )-}
{txt}186{com}.         noi di `h'[`i'] _continue
{txt}187{com}.         if ( `i' == `=r(n_x)' ) {c -(}
{txt}188{com}.             noi di ""
{txt}189{com}.         {c )-}
{txt}190{com}.         else {c -(}
{txt}191{com}.             noi di ", " _continue
{txt}192{com}.         {c )-}
{txt}193{com}.     {c )-}
{txt}194{com}.     forvalues i=1/`=r(n_x)' {c -(}
{txt}195{com}.         if ( `i' == 1 ) {c -(}
{txt}196{com}.             noi di "@histw " _continue
{txt}197{com}.         {c )-}
{txt}198{com}.         noi di `w'[`i'] _continue
{txt}199{com}.         if ( `i' == `=r(n_x)' ) {c -(}
{txt}200{com}.             noi di ""
{txt}201{com}.         {c )-}
{txt}202{com}.         else {c -(}
{txt}203{com}.             noi di ", " _continue
{txt}204{com}.         {c )-}
{txt}205{com}.     {c )-}
{txt}206{com}.     {c )-}
{txt}207{com}. {c )-}
{txt}208{com}. 
. noi di "@type `type'"
{txt}209{com}. noi di "@label `label'"
{txt}210{com}. noi di "@class `class'"
{txt}211{com}. noi di "@N_unique `unique'"
{txt}212{com}. noi di "@N `total'"
{txt}213{com}. 
. noi di as res " "
{txt}214{com}. noi di "_@NOTES"
{txt}215{com}. 
. noi notes `var'
{txt}216{com}. 
. noi di as res " "
{txt}217{com}. {c )-}
{txt}218{com}. 
. 
. {c )-}
=====__code9=====
@example0 001
@example0 001
@type str5
@label 
@class other
@N_unique 
@N 
{res} 
_@NOTES
 
=====__desc9=====
@example0 cholera*
@example0 cholera*
@type str25
@label 
@class other
@N_unique 
@N 
 
_@NOTES
 
{txt}
{com}. 
. // noi profiler report
. // profiler off
. 
. exit, clear STATA
